// Jest Snapshot v1, https://goo.gl/fbAQLP

exports[`api normalizeImageminConfig should works 1`] = `"No plugins found for \`imagemin\`, please read documentation"`;

exports[`api normalizeImageminConfig should works 2`] = `"No plugins found for \`imagemin\`, please read documentation"`;

exports[`api normalizeImageminConfig should works 3`] = `
"Unknown plugin: imagemin-unknown

Did you forget to install the plugin?
You can install it with:

$ npm install imagemin-unknown --save-dev
$ yarn add imagemin-unknown --dev"
`;

exports[`api normalizeImageminConfig should works 4`] = `
"Unknown plugin: imagemin-unknown

Did you forget to install the plugin?
You can install it with:

$ npm install imagemin-unknown --save-dev
$ yarn add imagemin-unknown --dev"
`;

exports[`api normalizeImageminConfig should works 5`] = `"No plugins found for \`imagemin\`, please read documentation"`;

exports[`api normalizeImageminConfig should works 6`] = `"Invalid plugin configuration 'true', plugin configuration should be 'string' or '[string, object]'\\""`;

exports[`api normalizeImageminConfig should works 7`] = `
Object {
  "plugins": Array [
    [Function],
  ],
}
`;

exports[`api normalizeImageminConfig should works 8`] = `
Object {
  "plugins": Array [
    [Function],
  ],
}
`;

exports[`api normalizeImageminConfig should works 9`] = `
Object {
  "plugins": Array [
    [Function],
  ],
}
`;

exports[`api normalizeImageminConfig should works 10`] = `
Object {
  "plugins": Array [
    [Function],
  ],
}
`;
