// Jest Snapshot v1, https://goo.gl/fbAQLP

exports[`validate options should throw an error on the "bail" option with "[]" value 1`] = `
"Invalid options object. Image Minimizer Plugin Loader has been initialized using an options object that does not match the API schema.
 - options.bail should be a boolean.
   -> Emit warnings instead errors."
`;

exports[`validate options should throw an error on the "bail" option with "{}" value 1`] = `
"Invalid options object. Image Minimizer Plugin Loader has been initialized using an options object that does not match the API schema.
 - options.bail should be a boolean.
   -> Emit warnings instead errors."
`;

exports[`validate options should throw an error on the "bail" option with "1" value 1`] = `
"Invalid options object. Image Minimizer Plugin Loader has been initialized using an options object that does not match the API schema.
 - options.bail should be a boolean.
   -> Emit warnings instead errors."
`;

exports[`validate options should throw an error on the "bail" option with "null" value 1`] = `
"Invalid options object. Image Minimizer Plugin Loader has been initialized using an options object that does not match the API schema.
 - options.bail should be a boolean.
   -> Emit warnings instead errors."
`;

exports[`validate options should throw an error on the "bail" option with "true" value 1`] = `
"Invalid options object. Image Minimizer Plugin Loader has been initialized using an options object that does not match the API schema.
 - options.bail should be a boolean.
   -> Emit warnings instead errors."
`;

exports[`validate options should throw an error on the "cache" option with "[]" value 1`] = `
"Invalid options object. Image Minimizer Plugin Loader has been initialized using an options object that does not match the API schema.
 - options.cache should be one of these:
   boolean | string
   -> Enable file caching.
   Details:
    * options.cache should be a boolean.
    * options.cache should be a string."
`;

exports[`validate options should throw an error on the "cache" option with "{}" value 1`] = `
"Invalid options object. Image Minimizer Plugin Loader has been initialized using an options object that does not match the API schema.
 - options.cache should be one of these:
   boolean | string
   -> Enable file caching.
   Details:
    * options.cache should be a boolean.
    * options.cache should be a string."
`;

exports[`validate options should throw an error on the "filter" option with "[]" value 1`] = `
"Invalid options object. Image Minimizer Plugin Loader has been initialized using an options object that does not match the API schema.
 - options.filter should be an instance of function.
   -> Allows filtering of images for optimization."
`;

exports[`validate options should throw an error on the "filter" option with "{}" value 1`] = `
"Invalid options object. Image Minimizer Plugin Loader has been initialized using an options object that does not match the API schema.
 - options.filter should be an instance of function.
   -> Allows filtering of images for optimization."
`;

exports[`validate options should throw an error on the "filter" option with "1" value 1`] = `
"Invalid options object. Image Minimizer Plugin Loader has been initialized using an options object that does not match the API schema.
 - options.filter should be an instance of function.
   -> Allows filtering of images for optimization."
`;

exports[`validate options should throw an error on the "filter" option with "false" value 1`] = `
"Invalid options object. Image Minimizer Plugin Loader has been initialized using an options object that does not match the API schema.
 - options.filter should be an instance of function.
   -> Allows filtering of images for optimization."
`;

exports[`validate options should throw an error on the "filter" option with "null" value 1`] = `
"Invalid options object. Image Minimizer Plugin Loader has been initialized using an options object that does not match the API schema.
 - options.filter should be an instance of function.
   -> Allows filtering of images for optimization."
`;

exports[`validate options should throw an error on the "filter" option with "true" value 1`] = `
"Invalid options object. Image Minimizer Plugin Loader has been initialized using an options object that does not match the API schema.
 - options.filter should be an instance of function.
   -> Allows filtering of images for optimization."
`;

exports[`validate options should throw an error on the "imageminOptions" option with "[]" value 1`] = `
"Invalid options object. Image Minimizer Plugin Loader has been initialized using an options object that does not match the API schema.
 - options.imageminOptions should be an object:
   object { … }
   -> Options for \`imagemin\`."
`;

exports[`validate options should throw an error on the "imageminOptions" option with "1" value 1`] = `
"Invalid options object. Image Minimizer Plugin Loader has been initialized using an options object that does not match the API schema.
 - options.imageminOptions should be an object:
   object { … }
   -> Options for \`imagemin\`."
`;

exports[`validate options should throw an error on the "imageminOptions" option with "false" value 1`] = `
"Invalid options object. Image Minimizer Plugin Loader has been initialized using an options object that does not match the API schema.
 - options.imageminOptions should be an object:
   object { … }
   -> Options for \`imagemin\`."
`;

exports[`validate options should throw an error on the "imageminOptions" option with "null" value 1`] = `
"Invalid options object. Image Minimizer Plugin Loader has been initialized using an options object that does not match the API schema.
 - options.imageminOptions should be an object:
   object { … }
   -> Options for \`imagemin\`."
`;

exports[`validate options should throw an error on the "imageminOptions" option with "true" value 1`] = `
"Invalid options object. Image Minimizer Plugin Loader has been initialized using an options object that does not match the API schema.
 - options.imageminOptions should be an object:
   object { … }
   -> Options for \`imagemin\`."
`;
